// Jest Snapshot v1, https://goo.gl/fbAQLP

exports[`ThirdComponentDetails should match the snapshot 1`] = `
Array [
  <Text>
    ThirdComponentDetails
  </Text>,
  <Text>
    testTitle
  </Text>,
]
`;
