// Jest Snapshot v1, https://goo.gl/fbAQLP

exports[`SecondComponent should change label visibility on button click 1`] = `[Function]`;

exports[`SecondComponent should match the snapshot 1`] = `
<RCTSafeAreaView
  emulateUnlessSupported={true}
  style={
    Object {
      "flex": 1,
      "marginHorizontal": 16,
      "marginTop": 20,
    }
  }
>
  <Text
    style={
      Object {
        "fontSize": 15,
        "marginTop": 10,
        "textAlign": "center",
      }
    }
  >
    SecondComponent
  </Text>
  <View>
    <TextInput
      allowFontScaling={true}
      onChangeText={[Function]}
      rejectResponderTermination={true}
      style={
        Object {
          "borderColor": "gray",
          "borderWidth": 1,
          "height": 40,
        }
      }
      testID="input"
      underlineColorAndroid="transparent"
      value=""
    />
    <View
      accessibilityRole="button"
      accessibilityState={Object {}}
      accessible={true}
      focusable={true}
      onClick={[Function]}
      onResponderGrant={[Function]}
      onResponderMove={[Function]}
      onResponderRelease={[Function]}
      onResponderTerminate={[Function]}
      onResponderTerminationRequest={[Function]}
      onStartShouldSetResponder={[Function]}
      style={
        Object {
          "opacity": 1,
        }
      }
    >
      <View
        style={
          Array [
            Object {},
          ]
        }
      >
        <Text
          style={
            Array [
              Object {
                "color": "#007AFF",
                "fontSize": 18,
                "margin": 8,
                "textAlign": "center",
              },
              Object {
                "color": "#841584",
              },
            ]
          }
        >
          Change label visibility
        </Text>
      </View>
    </View>
  </View>
  <RCTScrollView
    data={
      Array [
        Object {
          "data": Array [
            "Pizza",
            "Burger",
            "Risotto",
          ],
          "title": "Main dishes",
        },
        Object {
          "data": Array [
            "French Fries",
            "Onion Rings",
            "Fried Shrimps",
          ],
          "title": "Sides",
        },
        Object {
          "data": Array [
            "Water",
            "Coke",
            "Beer",
          ],
          "title": "Drinks",
        },
        Object {
          "data": Array [
            "Cheese Cake",
            "Ice Cream",
          ],
          "title": "Desserts",
        },
      ]
    }
    disableVirtualization={false}
    getItem={[Function]}
    getItemCount={[Function]}
    horizontal={false}
    initialNumToRender={10}
    keyExtractor={[Function]}
    maxToRenderPerBatch={10}
    onContentSizeChange={[Function]}
    onEndReachedThreshold={2}
    onLayout={[Function]}
    onMomentumScrollEnd={[Function]}
    onScroll={[Function]}
    onScrollBeginDrag={[Function]}
    onScrollEndDrag={[Function]}
    renderItem={[Function]}
    scrollEventThrottle={50}
    stickyHeaderIndices={
      Array [
        0,
        5,
      ]
    }
    updateCellsBatchingPeriod={50}
    windowSize={21}
  >
    <View>
      <View
        onLayout={[Function]}
        style={null}
      >
        <Text
          style={
            Object {
              "fontSize": 32,
            }
          }
        >
          Main dishes
        </Text>
      </View>
      <View
        onLayout={[Function]}
        style={null}
      >
        <View
          style={
            Object {
              "backgroundColor": "#F9C2FF",
              "marginVertical": 8,
              "padding": 20,
            }
          }
        >
          <Text
            style={
              Object {
                "fontSize": 24,
              }
            }
          >
            Pizza
          </Text>
        </View>
      </View>
      <View
        onLayout={[Function]}
        style={null}
      >
        <View
          style={
            Object {
              "backgroundColor": "#F9C2FF",
              "marginVertical": 8,
              "padding": 20,
            }
          }
        >
          <Text
            style={
              Object {
                "fontSize": 24,
              }
            }
          >
            Burger
          </Text>
        </View>
      </View>
      <View
        onLayout={[Function]}
        style={null}
      >
        <View
          style={
            Object {
              "backgroundColor": "#F9C2FF",
              "marginVertical": 8,
              "padding": 20,
            }
          }
        >
          <Text
            style={
              Object {
                "fontSize": 24,
              }
            }
          >
            Risotto
          </Text>
        </View>
      </View>
      <View
        onLayout={[Function]}
        style={null}
      />
      <View
        onLayout={[Function]}
        style={null}
      >
        <Text
          style={
            Object {
              "fontSize": 32,
            }
          }
        >
          Sides
        </Text>
      </View>
      <View
        onLayout={[Function]}
        style={null}
      >
        <View
          style={
            Object {
              "backgroundColor": "#F9C2FF",
              "marginVertical": 8,
              "padding": 20,
            }
          }
        >
          <Text
            style={
              Object {
                "fontSize": 24,
              }
            }
          >
            French Fries
          </Text>
        </View>
      </View>
      <View
        onLayout={[Function]}
        style={null}
      >
        <View
          style={
            Object {
              "backgroundColor": "#F9C2FF",
              "marginVertical": 8,
              "padding": 20,
            }
          }
        >
          <Text
            style={
              Object {
                "fontSize": 24,
              }
            }
          >
            Onion Rings
          </Text>
        </View>
      </View>
      <View
        onLayout={[Function]}
        style={null}
      >
        <View
          style={
            Object {
              "backgroundColor": "#F9C2FF",
              "marginVertical": 8,
              "padding": 20,
            }
          }
        >
          <Text
            style={
              Object {
                "fontSize": 24,
              }
            }
          >
            Fried Shrimps
          </Text>
        </View>
      </View>
      <View
        onLayout={[Function]}
        style={null}
      />
      <View
        style={
          Object {
            "height": 0,
          }
        }
      />
    </View>
  </RCTScrollView>
</RCTSafeAreaView>
`;
